// Jest Snapshot v1, https://goo.gl/fbAQLP

exports[`NewsArticle should match the snapshot 1`] = `
<article>
  <div
    className="image-container"
  >
    <img
      alt="Story related graphic"
      className="article-image"
    />
  </div>
  <h2 />
  <p />
  <a
    target="blank"
  >
    <footer>
      Link To Article 
      <img
        alt="arrow pointing to the right"
        src="arrow-to-right.svg"
      />
    </footer>
  </a>
</article>
`;
